{
  "workflowRunCount" : 4,
  "studies" : [ "Ovarian_Brain_Colon_Exome_Seq" ],
  "sequencerRuns" : [ "111212_h1080_0086_AC045BACXX", "120106_h804_0076_AD0LFWACXX" ],
  "lanes" : [ "111212_h1080_0086_AC045BACXX_lane_1", "111212_h1080_0086_AC045BACXX_lane_5", "120106_h804_0076_AD0LFWACXX_lane_1", "120106_h804_0076_AD0LFWACXX_lane_5" ],
  "samples" : [ "OBC_0001_Ov_X_PE_389_EX", "OBC_0001_nn_R_PE_388_EX" ],
  "workflows" : [ "CASAVA" ],
  "processingAlgorithms" : [ "BCLToFastq" ],
  "fileMetaTypes" : [ "chemical/seq-na-fastq-gzip" ],
  "maxInputFiles" : 2,
  "minInputFiles" : 2,
  "totalInputFiles" : 8,
  "workflowRuns" : [ {
    "workflowIni" : {
      "barcode" : "NOINDEX,NOINDEX",
      "bundled_jre" : "jre1.7.0_51",
      "bundled_seqware" : "seqware-distribution-1.1.0-full.jar",
      "colorspace" : "0",
      "cutadapt" : "/oicr/local/analysis/sw/cutadapt/cutadapt-1.3/bin/cutadapt",
      "cutadapt_r1_other_params" : "null",
      "cutadapt_r2_other_params" : "null",
      "data_dir" : "data",
      "do_trim" : "false",
      "fastq_inputs_end_1" : "/oicr/data/archive/seqware/seqware_analysis/sqwprod/results/seqware-0.10.0_IlluminaBaseCalling-1.8.2/6003636/Unaligned_120106_h804_0076_AD0LFWACXX_1/Project_na/Sample_SWID_36272_OBC_0001_Ov_X_PE_389_EX_120106_h804_0076_AD0LFWACXX/SWID_36272_OBC_0001_Ov_X_PE_389_EX_120106_h804_0076_AD0LFWACXX_ATCACG_L001_R1_001.fastq.gz",
      "fastq_inputs_end_2" : "/oicr/data/archive/seqware/seqware_analysis/sqwprod/results/seqware-0.10.0_IlluminaBaseCalling-1.8.2/6003636/Unaligned_120106_h804_0076_AD0LFWACXX_1/Project_na/Sample_SWID_36272_OBC_0001_Ov_X_PE_389_EX_120106_h804_0076_AD0LFWACXX/SWID_36272_OBC_0001_Ov_X_PE_389_EX_120106_h804_0076_AD0LFWACXX_ATCACG_L001_R2_001.fastq.gz",
      "fastq_validator" : "${workflow_bundle_dir}/Workflow_Bundle_GenomicAlignmentNovoalign/2.2.1/bin/fastQValidator_0.1.1a/fastQValidator/bin/fastQValidator",
      "fastq_validator_additional_parameters" : "--disableSeqIDCheck --minReadLen 0",
      "ius_accession" : "36272,36272",
      "lane" : "1,1",
      "manual_output" : "false",
      "metadata" : "metadata",
      "novoalign_additional_parameters" : "-r ALL 5 -R 0 -o SAM",
      "novoalign_expected_insert" : "-i PE 250,50",
      "novoalign_index" : "-d ${workflow_bundle_dir}/Workflow_Bundle_GenomicAlignmentNovoalign/0.10.4/data/indexes/novoalign/hg19/hg19_random/hg19_random.nix",
      "novoalign_input_format" : "",
      "novoalign_memory" : "16000",
      "novoalign_r1_adapter_trim" : "-a AGATCGGAAGAGCGGTTCAGCAGGAATGCCGAGACCG",
      "novoalign_r2_adapter_trim" : "AGATCGGAAGAGCGTCGTGTAGGGAAAGAGTGT",
      "novoalign_slots" : "1",
      "novoalign_threads" : "-c 8",
      "novoalign_threshold" : "null",
      "novocraft_version" : "V2.07.15b",
      "output_dir" : "seqware-results",
      "picard_memory" : "3000",
      "picard_slots" : "1",
      "picard_threads" : "1",
      "picardconvert" : "picard-tools-1.72/SamFormatConverter.jar",
      "picardmerge_slots" : "1",
      "picardrg" : "picard-tools-1.72/AddOrReplaceReadGroups.jar",
      "picardsort" : "picard-tools-1.72/SortSam.jar",
      "python" : "/oicr/local/sw/Python-2.7.2/bin/python2.7",
      "queue" : "production",
      "r1_adapter_trim" : "AGATCGGAAGAGCGGTTCAGCAGGAATGCCGAGACCG",
      "r2_adapter_trim" : "AGATCGGAAGAGCGTCGTGTAGGGAAAGAGTGT",
      "rg_library" : "OBC_0001_Ov_X_PE_389_EX",
      "rg_platform" : "illumina",
      "rg_sample_name" : "OBC_0001",
      "run_ends" : "2",
      "sequencer_run_name" : "120106_h804_0076_AD0LFWACXX,120106_h804_0076_AD0LFWACXX",
      "tmp_dir" : "tmp",
      "trim_mem_mb" : "16000",
      "trim_min_length" : "10",
      "trim_min_quality" : "20"
    },
    "files" : [ {
      "studyTitle" : [ "Ovarian_Brain_Colon_Exome_Seq" ],
      "studyAttributes" : {
        "study.geo_lab_group_id" : [ [ "121" ] ]
      },
      "experimentName" : [ "Geo_Ovarian_Brain_Colon_Exome_Seq_ILLUMINA_EX_{F*101}{..}{R*101}" ],
      "experimentAttributes" : { },
      "sampleName" : [ "OBC_0001_Ov_X_PE_389_EX" ],
      "sampleAttributes" : {
        "sample.geo_library_source_template_type" : [ [ "EX" ] ],
        "sample.geo_reaction_id" : [ [ "5581", "5773" ] ],
        "sample.geo_run_id_and_position_and_slot" : [ [ "866_1_1", "889_1_1" ] ],
        "sample.geo_targeted_resequencing" : [ [ "Agilent SureSelect ICGC/Sanger Exon" ] ],
        "sample.geo_template_id" : [ [ "15687" ] ],
        "sample.geo_template_type" : [ [ "Illumina PE Library Seq" ] ],
        "sample.geo_tissue_origin" : [ [ "Ov" ] ],
        "sample.geo_tissue_type" : [ [ "X" ] ]
      },
      "sequencerRunName" : [ "120106_h804_0076_AD0LFWACXX" ],
      "sequencerRunAttributes" : {
        "sequencerrun.geo_instrument_run_id" : [ [ "889" ] ]
      },
      "laneName" : [ "120106_h804_0076_AD0LFWACXX_lane_1" ],
      "laneAttributes" : {
        "lane.geo_lane" : [ [ "1" ] ]
      },
      "iusTag" : [ "ATCACG" ],
      "iusAttributes" : { },
      "workflowName" : [ "CASAVA" ],
      "processingAlgorithm" : [ "BCLToFastq" ],
      "processingAttributes" : { },
      "fileMetaType" : [ "chemical/seq-na-fastq-gzip" ],
      "fileAttributes" : { },
      "fileId" : 1477446441
    }, {
      "studyTitle" : [ "Ovarian_Brain_Colon_Exome_Seq" ],
      "studyAttributes" : {
        "study.geo_lab_group_id" : [ [ "121" ] ]
      },
      "experimentName" : [ "Geo_Ovarian_Brain_Colon_Exome_Seq_ILLUMINA_EX_{F*101}{..}{R*101}" ],
      "experimentAttributes" : { },
      "sampleName" : [ "OBC_0001_Ov_X_PE_389_EX" ],
      "sampleAttributes" : {
        "sample.geo_library_source_template_type" : [ [ "EX" ] ],
        "sample.geo_reaction_id" : [ [ "5581", "5773" ] ],
        "sample.geo_run_id_and_position_and_slot" : [ [ "866_1_1", "889_1_1" ] ],
        "sample.geo_targeted_resequencing" : [ [ "Agilent SureSelect ICGC/Sanger Exon" ] ],
        "sample.geo_template_id" : [ [ "15687" ] ],
        "sample.geo_template_type" : [ [ "Illumina PE Library Seq" ] ],
        "sample.geo_tissue_origin" : [ [ "Ov" ] ],
        "sample.geo_tissue_type" : [ [ "X" ] ]
      },
      "sequencerRunName" : [ "120106_h804_0076_AD0LFWACXX" ],
      "sequencerRunAttributes" : {
        "sequencerrun.geo_instrument_run_id" : [ [ "889" ] ]
      },
      "laneName" : [ "120106_h804_0076_AD0LFWACXX_lane_1" ],
      "laneAttributes" : {
        "lane.geo_lane" : [ [ "1" ] ]
      },
      "iusTag" : [ "ATCACG" ],
      "iusAttributes" : { },
      "workflowName" : [ "CASAVA" ],
      "processingAlgorithm" : [ "BCLToFastq" ],
      "processingAttributes" : { },
      "fileMetaType" : [ "chemical/seq-na-fastq-gzip" ],
      "fileAttributes" : { },
      "fileId" : 1983005066
    } ]
  }, {
    "workflowIni" : {
      "barcode" : "NOINDEX,NOINDEX",
      "bundled_jre" : "jre1.7.0_51",
      "bundled_seqware" : "seqware-distribution-1.1.0-full.jar",
      "colorspace" : "0",
      "cutadapt" : "/oicr/local/analysis/sw/cutadapt/cutadapt-1.3/bin/cutadapt",
      "cutadapt_r1_other_params" : "null",
      "cutadapt_r2_other_params" : "null",
      "data_dir" : "data",
      "do_trim" : "false",
      "fastq_inputs_end_1" : "/oicr/data/archive/seqware/seqware_analysis/sqwprod/results/seqware-0.10.0_IlluminaBaseCalling-1.8.2/6003636/Unaligned_120106_h804_0076_AD0LFWACXX_5/Project_na/Sample_SWID_36260_OBC_0001_nn_R_PE_388_EX_120106_h804_0076_AD0LFWACXX/SWID_36260_OBC_0001_nn_R_PE_388_EX_120106_h804_0076_AD0LFWACXX_GATCAG_L005_R1_001.fastq.gz",
      "fastq_inputs_end_2" : "/oicr/data/archive/seqware/seqware_analysis/sqwprod/results/seqware-0.10.0_IlluminaBaseCalling-1.8.2/6003636/Unaligned_120106_h804_0076_AD0LFWACXX_5/Project_na/Sample_SWID_36260_OBC_0001_nn_R_PE_388_EX_120106_h804_0076_AD0LFWACXX/SWID_36260_OBC_0001_nn_R_PE_388_EX_120106_h804_0076_AD0LFWACXX_GATCAG_L005_R2_001.fastq.gz",
      "fastq_validator" : "${workflow_bundle_dir}/Workflow_Bundle_GenomicAlignmentNovoalign/2.2.1/bin/fastQValidator_0.1.1a/fastQValidator/bin/fastQValidator",
      "fastq_validator_additional_parameters" : "--disableSeqIDCheck --minReadLen 0",
      "ius_accession" : "36260,36260",
      "lane" : "5,5",
      "manual_output" : "false",
      "metadata" : "metadata",
      "novoalign_additional_parameters" : "-r ALL 5 -R 0 -o SAM",
      "novoalign_expected_insert" : "-i PE 250,50",
      "novoalign_index" : "-d ${workflow_bundle_dir}/Workflow_Bundle_GenomicAlignmentNovoalign/0.10.4/data/indexes/novoalign/hg19/hg19_random/hg19_random.nix",
      "novoalign_input_format" : "",
      "novoalign_memory" : "16000",
      "novoalign_r1_adapter_trim" : "-a AGATCGGAAGAGCGGTTCAGCAGGAATGCCGAGACCG",
      "novoalign_r2_adapter_trim" : "AGATCGGAAGAGCGTCGTGTAGGGAAAGAGTGT",
      "novoalign_slots" : "1",
      "novoalign_threads" : "-c 8",
      "novoalign_threshold" : "null",
      "novocraft_version" : "V2.07.15b",
      "output_dir" : "seqware-results",
      "picard_memory" : "3000",
      "picard_slots" : "1",
      "picard_threads" : "1",
      "picardconvert" : "picard-tools-1.72/SamFormatConverter.jar",
      "picardmerge_slots" : "1",
      "picardrg" : "picard-tools-1.72/AddOrReplaceReadGroups.jar",
      "picardsort" : "picard-tools-1.72/SortSam.jar",
      "python" : "/oicr/local/sw/Python-2.7.2/bin/python2.7",
      "queue" : "production",
      "r1_adapter_trim" : "AGATCGGAAGAGCGGTTCAGCAGGAATGCCGAGACCG",
      "r2_adapter_trim" : "AGATCGGAAGAGCGTCGTGTAGGGAAAGAGTGT",
      "rg_library" : "OBC_0001_nn_R_PE_388_EX",
      "rg_platform" : "illumina",
      "rg_sample_name" : "OBC_0001",
      "run_ends" : "2",
      "sequencer_run_name" : "120106_h804_0076_AD0LFWACXX,120106_h804_0076_AD0LFWACXX",
      "tmp_dir" : "tmp",
      "trim_mem_mb" : "16000",
      "trim_min_length" : "10",
      "trim_min_quality" : "20"
    },
    "files" : [ {
      "studyTitle" : [ "Ovarian_Brain_Colon_Exome_Seq" ],
      "studyAttributes" : {
        "study.geo_lab_group_id" : [ [ "121" ] ]
      },
      "experimentName" : [ "Geo_Ovarian_Brain_Colon_Exome_Seq_ILLUMINA_EX_{F*101}{..}{R*101}" ],
      "experimentAttributes" : { },
      "sampleName" : [ "OBC_0001_nn_R_PE_388_EX" ],
      "sampleAttributes" : {
        "sample.geo_library_source_template_type" : [ [ "EX" ] ],
        "sample.geo_reaction_id" : [ [ "5589", "5781" ] ],
        "sample.geo_run_id_and_position_and_slot" : [ [ "866_5_1", "889_5_1" ] ],
        "sample.geo_targeted_resequencing" : [ [ "Agilent SureSelect ICGC/Sanger Exon" ] ],
        "sample.geo_template_id" : [ [ "15703" ] ],
        "sample.geo_template_type" : [ [ "Illumina PE Library Seq" ] ],
        "sample.geo_tissue_origin" : [ [ "nn" ] ],
        "sample.geo_tissue_type" : [ [ "R" ] ]
      },
      "sequencerRunName" : [ "120106_h804_0076_AD0LFWACXX" ],
      "sequencerRunAttributes" : {
        "sequencerrun.geo_instrument_run_id" : [ [ "889" ] ]
      },
      "laneName" : [ "120106_h804_0076_AD0LFWACXX_lane_5" ],
      "laneAttributes" : {
        "lane.geo_lane" : [ [ "5" ] ]
      },
      "iusTag" : [ "GATCAG" ],
      "iusAttributes" : { },
      "workflowName" : [ "CASAVA" ],
      "processingAlgorithm" : [ "BCLToFastq" ],
      "processingAttributes" : { },
      "fileMetaType" : [ "chemical/seq-na-fastq-gzip" ],
      "fileAttributes" : { },
      "fileId" : -1080776008
    }, {
      "studyTitle" : [ "Ovarian_Brain_Colon_Exome_Seq" ],
      "studyAttributes" : {
        "study.geo_lab_group_id" : [ [ "121" ] ]
      },
      "experimentName" : [ "Geo_Ovarian_Brain_Colon_Exome_Seq_ILLUMINA_EX_{F*101}{..}{R*101}" ],
      "experimentAttributes" : { },
      "sampleName" : [ "OBC_0001_nn_R_PE_388_EX" ],
      "sampleAttributes" : {
        "sample.geo_library_source_template_type" : [ [ "EX" ] ],
        "sample.geo_reaction_id" : [ [ "5589", "5781" ] ],
        "sample.geo_run_id_and_position_and_slot" : [ [ "866_5_1", "889_5_1" ] ],
        "sample.geo_targeted_resequencing" : [ [ "Agilent SureSelect ICGC/Sanger Exon" ] ],
        "sample.geo_template_id" : [ [ "15703" ] ],
        "sample.geo_template_type" : [ [ "Illumina PE Library Seq" ] ],
        "sample.geo_tissue_origin" : [ [ "nn" ] ],
        "sample.geo_tissue_type" : [ [ "R" ] ]
      },
      "sequencerRunName" : [ "120106_h804_0076_AD0LFWACXX" ],
      "sequencerRunAttributes" : {
        "sequencerrun.geo_instrument_run_id" : [ [ "889" ] ]
      },
      "laneName" : [ "120106_h804_0076_AD0LFWACXX_lane_5" ],
      "laneAttributes" : {
        "lane.geo_lane" : [ [ "5" ] ]
      },
      "iusTag" : [ "GATCAG" ],
      "iusAttributes" : { },
      "workflowName" : [ "CASAVA" ],
      "processingAlgorithm" : [ "BCLToFastq" ],
      "processingAttributes" : { },
      "fileMetaType" : [ "chemical/seq-na-fastq-gzip" ],
      "fileAttributes" : { },
      "fileId" : -1586334633
    } ]
  }, {
    "workflowIni" : {
      "barcode" : "NOINDEX,NOINDEX",
      "bundled_jre" : "jre1.7.0_51",
      "bundled_seqware" : "seqware-distribution-1.1.0-full.jar",
      "colorspace" : "0",
      "cutadapt" : "/oicr/local/analysis/sw/cutadapt/cutadapt-1.3/bin/cutadapt",
      "cutadapt_r1_other_params" : "null",
      "cutadapt_r2_other_params" : "null",
      "data_dir" : "data",
      "do_trim" : "false",
      "fastq_inputs_end_1" : "/oicr/data/archive/seqware/seqware_analysis/sqwprod/results/seqware-0.10.0_IlluminaBaseCalling-1.8.2/68350542/Unaligned_111212_h1080_0086_AC045BACXX_1/Project_na/Sample_SWID_24619_OBC_0001_Ov_X_PE_389_EX_111212_h1080_0086_AC045BACXX/SWID_24619_OBC_0001_Ov_X_PE_389_EX_111212_h1080_0086_AC045BACXX_ATCACG_L001_R1_001.fastq.gz",
      "fastq_inputs_end_2" : "/oicr/data/archive/seqware/seqware_analysis/sqwprod/results/seqware-0.10.0_IlluminaBaseCalling-1.8.2/68350542/Unaligned_111212_h1080_0086_AC045BACXX_1/Project_na/Sample_SWID_24619_OBC_0001_Ov_X_PE_389_EX_111212_h1080_0086_AC045BACXX/SWID_24619_OBC_0001_Ov_X_PE_389_EX_111212_h1080_0086_AC045BACXX_ATCACG_L001_R2_001.fastq.gz",
      "fastq_validator" : "${workflow_bundle_dir}/Workflow_Bundle_GenomicAlignmentNovoalign/2.2.1/bin/fastQValidator_0.1.1a/fastQValidator/bin/fastQValidator",
      "fastq_validator_additional_parameters" : "--disableSeqIDCheck --minReadLen 0",
      "ius_accession" : "24619,24619",
      "lane" : "1,1",
      "manual_output" : "false",
      "metadata" : "metadata",
      "novoalign_additional_parameters" : "-r ALL 5 -R 0 -o SAM",
      "novoalign_expected_insert" : "-i PE 250,50",
      "novoalign_index" : "-d ${workflow_bundle_dir}/Workflow_Bundle_GenomicAlignmentNovoalign/0.10.4/data/indexes/novoalign/hg19/hg19_random/hg19_random.nix",
      "novoalign_input_format" : "",
      "novoalign_memory" : "16000",
      "novoalign_r1_adapter_trim" : "-a AGATCGGAAGAGCGGTTCAGCAGGAATGCCGAGACCG",
      "novoalign_r2_adapter_trim" : "AGATCGGAAGAGCGTCGTGTAGGGAAAGAGTGT",
      "novoalign_slots" : "1",
      "novoalign_threads" : "-c 8",
      "novoalign_threshold" : "null",
      "novocraft_version" : "V2.07.15b",
      "output_dir" : "seqware-results",
      "picard_memory" : "3000",
      "picard_slots" : "1",
      "picard_threads" : "1",
      "picardconvert" : "picard-tools-1.72/SamFormatConverter.jar",
      "picardmerge_slots" : "1",
      "picardrg" : "picard-tools-1.72/AddOrReplaceReadGroups.jar",
      "picardsort" : "picard-tools-1.72/SortSam.jar",
      "python" : "/oicr/local/sw/Python-2.7.2/bin/python2.7",
      "queue" : "production",
      "r1_adapter_trim" : "AGATCGGAAGAGCGGTTCAGCAGGAATGCCGAGACCG",
      "r2_adapter_trim" : "AGATCGGAAGAGCGTCGTGTAGGGAAAGAGTGT",
      "rg_library" : "OBC_0001_Ov_X_PE_389_EX",
      "rg_platform" : "illumina",
      "rg_sample_name" : "OBC_0001",
      "run_ends" : "2",
      "sequencer_run_name" : "111212_h1080_0086_AC045BACXX,111212_h1080_0086_AC045BACXX",
      "tmp_dir" : "tmp",
      "trim_mem_mb" : "16000",
      "trim_min_length" : "10",
      "trim_min_quality" : "20"
    },
    "files" : [ {
      "studyTitle" : [ "Ovarian_Brain_Colon_Exome_Seq" ],
      "studyAttributes" : {
        "study.geo_lab_group_id" : [ [ "121" ] ]
      },
      "experimentName" : [ "Geo_Ovarian_Brain_Colon_Exome_Seq_ILLUMINA_EX_{F*101}{..}{R*101}" ],
      "experimentAttributes" : { },
      "sampleName" : [ "OBC_0001_Ov_X_PE_389_EX" ],
      "sampleAttributes" : {
        "sample.geo_library_source_template_type" : [ [ "EX" ] ],
        "sample.geo_reaction_id" : [ [ "5581", "5773" ] ],
        "sample.geo_run_id_and_position_and_slot" : [ [ "866_1_1", "889_1_1" ] ],
        "sample.geo_targeted_resequencing" : [ [ "Agilent SureSelect ICGC/Sanger Exon" ] ],
        "sample.geo_template_id" : [ [ "15687" ] ],
        "sample.geo_template_type" : [ [ "Illumina PE Library Seq" ] ],
        "sample.geo_tissue_origin" : [ [ "Ov" ] ],
        "sample.geo_tissue_type" : [ [ "X" ] ]
      },
      "sequencerRunName" : [ "111212_h1080_0086_AC045BACXX" ],
      "sequencerRunAttributes" : {
        "sequencerrun.geo_instrument_run_id" : [ [ "866" ] ]
      },
      "laneName" : [ "111212_h1080_0086_AC045BACXX_lane_1" ],
      "laneAttributes" : {
        "lane.geo_lane" : [ [ "1" ] ]
      },
      "iusTag" : [ "ATCACG" ],
      "iusAttributes" : { },
      "workflowName" : [ "CASAVA" ],
      "processingAlgorithm" : [ "BCLToFastq" ],
      "processingAttributes" : { },
      "fileMetaType" : [ "chemical/seq-na-fastq-gzip" ],
      "fileAttributes" : { },
      "fileId" : -1235046000
    }, {
      "studyTitle" : [ "Ovarian_Brain_Colon_Exome_Seq" ],
      "studyAttributes" : {
        "study.geo_lab_group_id" : [ [ "121" ] ]
      },
      "experimentName" : [ "Geo_Ovarian_Brain_Colon_Exome_Seq_ILLUMINA_EX_{F*101}{..}{R*101}" ],
      "experimentAttributes" : { },
      "sampleName" : [ "OBC_0001_Ov_X_PE_389_EX" ],
      "sampleAttributes" : {
        "sample.geo_library_source_template_type" : [ [ "EX" ] ],
        "sample.geo_reaction_id" : [ [ "5581", "5773" ] ],
        "sample.geo_run_id_and_position_and_slot" : [ [ "866_1_1", "889_1_1" ] ],
        "sample.geo_targeted_resequencing" : [ [ "Agilent SureSelect ICGC/Sanger Exon" ] ],
        "sample.geo_template_id" : [ [ "15687" ] ],
        "sample.geo_template_type" : [ [ "Illumina PE Library Seq" ] ],
        "sample.geo_tissue_origin" : [ [ "Ov" ] ],
        "sample.geo_tissue_type" : [ [ "X" ] ]
      },
      "sequencerRunName" : [ "111212_h1080_0086_AC045BACXX" ],
      "sequencerRunAttributes" : {
        "sequencerrun.geo_instrument_run_id" : [ [ "866" ] ]
      },
      "laneName" : [ "111212_h1080_0086_AC045BACXX_lane_1" ],
      "laneAttributes" : {
        "lane.geo_lane" : [ [ "1" ] ]
      },
      "iusTag" : [ "ATCACG" ],
      "iusAttributes" : { },
      "workflowName" : [ "CASAVA" ],
      "processingAlgorithm" : [ "BCLToFastq" ],
      "processingAttributes" : { },
      "fileMetaType" : [ "chemical/seq-na-fastq-gzip" ],
      "fileAttributes" : { },
      "fileId" : -1740604625
    } ]
  }, {
    "workflowIni" : {
      "barcode" : "NOINDEX,NOINDEX",
      "bundled_jre" : "jre1.7.0_51",
      "bundled_seqware" : "seqware-distribution-1.1.0-full.jar",
      "colorspace" : "0",
      "cutadapt" : "/oicr/local/analysis/sw/cutadapt/cutadapt-1.3/bin/cutadapt",
      "cutadapt_r1_other_params" : "null",
      "cutadapt_r2_other_params" : "null",
      "data_dir" : "data",
      "do_trim" : "false",
      "fastq_inputs_end_1" : "/oicr/data/archive/seqware/seqware_analysis/sqwprod/results/seqware-0.10.0_IlluminaBaseCalling-1.8.2/68350542/Unaligned_111212_h1080_0086_AC045BACXX_5/Project_na/Sample_SWID_24607_OBC_0001_nn_R_PE_388_EX_111212_h1080_0086_AC045BACXX/SWID_24607_OBC_0001_nn_R_PE_388_EX_111212_h1080_0086_AC045BACXX_GATCAG_L005_R1_001.fastq.gz",
      "fastq_inputs_end_2" : "/oicr/data/archive/seqware/seqware_analysis/sqwprod/results/seqware-0.10.0_IlluminaBaseCalling-1.8.2/68350542/Unaligned_111212_h1080_0086_AC045BACXX_5/Project_na/Sample_SWID_24607_OBC_0001_nn_R_PE_388_EX_111212_h1080_0086_AC045BACXX/SWID_24607_OBC_0001_nn_R_PE_388_EX_111212_h1080_0086_AC045BACXX_GATCAG_L005_R2_001.fastq.gz",
      "fastq_validator" : "${workflow_bundle_dir}/Workflow_Bundle_GenomicAlignmentNovoalign/2.2.1/bin/fastQValidator_0.1.1a/fastQValidator/bin/fastQValidator",
      "fastq_validator_additional_parameters" : "--disableSeqIDCheck --minReadLen 0",
      "ius_accession" : "24607,24607",
      "lane" : "5,5",
      "manual_output" : "false",
      "metadata" : "metadata",
      "novoalign_additional_parameters" : "-r ALL 5 -R 0 -o SAM",
      "novoalign_expected_insert" : "-i PE 250,50",
      "novoalign_index" : "-d ${workflow_bundle_dir}/Workflow_Bundle_GenomicAlignmentNovoalign/0.10.4/data/indexes/novoalign/hg19/hg19_random/hg19_random.nix",
      "novoalign_input_format" : "",
      "novoalign_memory" : "16000",
      "novoalign_r1_adapter_trim" : "-a AGATCGGAAGAGCGGTTCAGCAGGAATGCCGAGACCG",
      "novoalign_r2_adapter_trim" : "AGATCGGAAGAGCGTCGTGTAGGGAAAGAGTGT",
      "novoalign_slots" : "1",
      "novoalign_threads" : "-c 8",
      "novoalign_threshold" : "null",
      "novocraft_version" : "V2.07.15b",
      "output_dir" : "seqware-results",
      "picard_memory" : "3000",
      "picard_slots" : "1",
      "picard_threads" : "1",
      "picardconvert" : "picard-tools-1.72/SamFormatConverter.jar",
      "picardmerge_slots" : "1",
      "picardrg" : "picard-tools-1.72/AddOrReplaceReadGroups.jar",
      "picardsort" : "picard-tools-1.72/SortSam.jar",
      "python" : "/oicr/local/sw/Python-2.7.2/bin/python2.7",
      "queue" : "production",
      "r1_adapter_trim" : "AGATCGGAAGAGCGGTTCAGCAGGAATGCCGAGACCG",
      "r2_adapter_trim" : "AGATCGGAAGAGCGTCGTGTAGGGAAAGAGTGT",
      "rg_library" : "OBC_0001_nn_R_PE_388_EX",
      "rg_platform" : "illumina",
      "rg_sample_name" : "OBC_0001",
      "run_ends" : "2",
      "sequencer_run_name" : "111212_h1080_0086_AC045BACXX,111212_h1080_0086_AC045BACXX",
      "tmp_dir" : "tmp",
      "trim_mem_mb" : "16000",
      "trim_min_length" : "10",
      "trim_min_quality" : "20"
    },
    "files" : [ {
      "studyTitle" : [ "Ovarian_Brain_Colon_Exome_Seq" ],
      "studyAttributes" : {
        "study.geo_lab_group_id" : [ [ "121" ] ]
      },
      "experimentName" : [ "Geo_Ovarian_Brain_Colon_Exome_Seq_ILLUMINA_EX_{F*101}{..}{R*101}" ],
      "experimentAttributes" : { },
      "sampleName" : [ "OBC_0001_nn_R_PE_388_EX" ],
      "sampleAttributes" : {
        "sample.geo_library_source_template_type" : [ [ "EX" ] ],
        "sample.geo_reaction_id" : [ [ "5589", "5781" ] ],
        "sample.geo_run_id_and_position_and_slot" : [ [ "866_5_1", "889_5_1" ] ],
        "sample.geo_targeted_resequencing" : [ [ "Agilent SureSelect ICGC/Sanger Exon" ] ],
        "sample.geo_template_id" : [ [ "15703" ] ],
        "sample.geo_template_type" : [ [ "Illumina PE Library Seq" ] ],
        "sample.geo_tissue_origin" : [ [ "nn" ] ],
        "sample.geo_tissue_type" : [ [ "R" ] ]
      },
      "sequencerRunName" : [ "111212_h1080_0086_AC045BACXX" ],
      "sequencerRunAttributes" : {
        "sequencerrun.geo_instrument_run_id" : [ [ "866" ] ]
      },
      "laneName" : [ "111212_h1080_0086_AC045BACXX_lane_5" ],
      "laneAttributes" : {
        "lane.geo_lane" : [ [ "5" ] ]
      },
      "iusTag" : [ "GATCAG" ],
      "iusAttributes" : { },
      "workflowName" : [ "CASAVA" ],
      "processingAlgorithm" : [ "BCLToFastq" ],
      "processingAttributes" : { },
      "fileMetaType" : [ "chemical/seq-na-fastq-gzip" ],
      "fileAttributes" : { },
      "fileId" : 319132695
    }, {
      "studyTitle" : [ "Ovarian_Brain_Colon_Exome_Seq" ],
      "studyAttributes" : {
        "study.geo_lab_group_id" : [ [ "121" ] ]
      },
      "experimentName" : [ "Geo_Ovarian_Brain_Colon_Exome_Seq_ILLUMINA_EX_{F*101}{..}{R*101}" ],
      "experimentAttributes" : { },
      "sampleName" : [ "OBC_0001_nn_R_PE_388_EX" ],
      "sampleAttributes" : {
        "sample.geo_library_source_template_type" : [ [ "EX" ] ],
        "sample.geo_reaction_id" : [ [ "5589", "5781" ] ],
        "sample.geo_run_id_and_position_and_slot" : [ [ "866_5_1", "889_5_1" ] ],
        "sample.geo_targeted_resequencing" : [ [ "Agilent SureSelect ICGC/Sanger Exon" ] ],
        "sample.geo_template_id" : [ [ "15703" ] ],
        "sample.geo_template_type" : [ [ "Illumina PE Library Seq" ] ],
        "sample.geo_tissue_origin" : [ [ "nn" ] ],
        "sample.geo_tissue_type" : [ [ "R" ] ]
      },
      "sequencerRunName" : [ "111212_h1080_0086_AC045BACXX" ],
      "sequencerRunAttributes" : {
        "sequencerrun.geo_instrument_run_id" : [ [ "866" ] ]
      },
      "laneName" : [ "111212_h1080_0086_AC045BACXX_lane_5" ],
      "laneAttributes" : {
        "lane.geo_lane" : [ [ "5" ] ]
      },
      "iusTag" : [ "GATCAG" ],
      "iusAttributes" : { },
      "workflowName" : [ "CASAVA" ],
      "processingAlgorithm" : [ "BCLToFastq" ],
      "processingAttributes" : { },
      "fileMetaType" : [ "chemical/seq-na-fastq-gzip" ],
      "fileAttributes" : { },
      "fileId" : 824691320
    } ]
  } ]
}